// Vitest Snapshot v1, https://vitest.dev/guide/snapshot.html

exports[`testing App component > renders 1`] = `
<div>
  <div
    class="App"
  >
    <div
      class="testing"
    >
      <h1>
        Test Heading
      </h1>
      <button
        type="button"
      >
        Click Me
      </button>
    </div>
    <div
      class="header"
    />
    <div
      class="content"
    >
      <div
        class="card"
      >
        0
      </div>
      <div
        class="card"
      >
        1
      </div>
      <div
        class="card"
      >
        2
      </div>
      <div
        class="card"
      >
        3
      </div>
      <div
        class="card"
      >
        4
      </div>
      <div
        class="card"
      >
        5
      </div>
      <div
        class="card"
      >
        6
      </div>
      <div
        class="card"
      >
        7
      </div>
      <div
        class="card"
      >
        8
      </div>
      <div
        class="card"
      >
        9
      </div>
      <div
        class="card"
      >
        10
      </div>
      <div
        class="card"
      >
        11
      </div>
      <div
        class="card"
      >
        12
      </div>
      <div
        class="card"
      >
        13
      </div>
    </div>
    <div
      class="footer"
    >
      Footer
    </div>
  </div>
</div>
`;
