// Vitest Snapshot v1, https://vitest.dev/guide/snapshot.html

exports[`Header component shows links > renders 1`] = `
<div>
  <div
    class="header"
  >
    <div
      class="store-title"
    />
    <nav
      class="nav-container"
    >
      <a
        aria-current="page"
        class="active"
        href="/"
      >
        Home
      </a>
      <a
        class=""
        href="/shop/all"
      >
        Shop
      </a>
      <a
        class=""
        href="/contact"
      >
        Contact
      </a>
    </nav>
    <a
      class=""
      data-testid="cart-link"
      href="/shop/cart"
    >
      Cart: ($
      0
      .00)
    </a>
  </div>
</div>
`;
